/rpc.php
/login/
/submit/
/rpc.php called: {}
/rpc.php called: {}
/login/ called: {"user":"user","passwd":"passwd"}
/login/ called: {"user":"user","passwd":"blabla"}
/login/ called: {"user":"user","passwd":"passwd"}
/login/ called: {"user":"user","passwd":"passwd"}
/login/ called: {"user":"user","passwd":"blabal"}
/login/ called: {"user":"user","passwd":"passwd"}
/submit/ called: {"pkgsubmit":"1","token":"70bd1ee338d6767283b81e3e50c3610b","category":"16"}
/submit/ called: {"pkgsubmit":"1","token":"70bd1ee338d6767283b81e3e50c3610b","category":"16"}
/rpc.php called: {}
/rpc.php called: {}
/login/ called: {"user":"user","passwd":"passwd"}
/login/ called: {"user":"user","passwd":"blabla"}
/login/ called: {"user":"user","passwd":"passwd"}
/login/ called: {"user":"user","passwd":"passwd"}
/login/ called: {"user":"user","passwd":"blabal"}
/login/ called: {"user":"user","passwd":"passwd"}
/submit/ called: {"pkgsubmit":"1","token":"70bd1ee338d6767283b81e3e50c3610b","category":"16"}
/submit/ called: {"pkgsubmit":"1","token":"70bd1ee338d6767283b81e3e50c3610b","category":"16"}
